[jainuniversity.ac.in/UG/indexdc98.html]
[backblue.gif]
[fade.gif]
[index.html]
[maxcdn.bootstrapcdn.com/font-awesome/4.7.0/css/font-awesome.min.css]
[www.jainuniversity.ac.in/ecart/views/microsites/UG/css/JU-style2.css]
[www.jainuniversity.ac.in/ecart/views/microsites/UG/css/bootstrap.min.css]
[www.jainuniversity.ac.in/ecart/views/microsites/UG/css/main2.css]
[www.jainuniversity.ac.in/ecart/views/microsites/UG/css/default2.css]
[www.jainuniversity.ac.in/ecart/views/microsites/UG/images/suit-up-your-career.png]
[www.jainuniversity.ac.in/ecart/themes/events/assets/images/best-university-in-bangalore/Jain-logo.png]
[www.jainuniversity.ac.in/ecart/views/microsites/UG/images/JU-Microsite-UG-programs-banner-6-1-20.jpg]
[www.jainuniversity.ac.in/ecart/views/microsites/UG/images/image02.jpg]
[www.jainuniversity.ac.in/ecart/views/microsites/UG/images/Bachelor-of-Commerce-Regular.jpg]
[www.jainuniversity.ac.in/ecart/views/microsites/UG/images/Bachelor-of-Professional-Studies.jpg]
[www.jainuniversity.ac.in/ecart/views/microsites/UG/images/Bachelor-of-Commerce-Honors.jpg]
[www.jainuniversity.ac.in/ecart/views/microsites/UG/images/Bachelor-of-Business-Administration.jpg]
[www.jainuniversity.ac.in/ecart/views/microsites/UG/images/Bachelor-of-Management-Studies.jpg]
[www.jainuniversity.ac.in/ecart/views/microsites/PG/images/Mass-Communication.jpg]
[www.jainuniversity.ac.in/ecart/views/microsites/UG/images/Bachelor-of-Arts-Honors.jpg]
[www.jainuniversity.ac.in/ecart/views/microsites/UG/images/Bachelor-of-Arts-Professional.jpg]
[www.jainuniversity.ac.in/ecart/views/microsites/UG/images/Bachelor-of-Science.jpg]
[www.jainuniversity.ac.in/ecart/views/microsites/UG/images/Bachelors-of-Science-For-Professional-Courses.jpg]
[www.jainuniversity.ac.in/ecart/views/microsites/UG/images/Bachelor-of-Science-Honors.jpg]
[www.jainuniversity.ac.in/ecart/views/microsites/UG/images/liberal-education.jpg]
[www.jainuniversity.ac.in/ecart/views/microsites/UG/images/1.jpg]
[www.jainuniversity.ac.in/ecart/views/microsites/UG/images/2.jpg]
[www.jainuniversity.ac.in/ecart/views/microsites/UG/images/3.jpg]
[www.jainuniversity.ac.in/ecart/views/microsites/UG/images/4.jpg]
[www.jainuniversity.ac.in/ecart/views/microsites/UG/images/5.jpg]
[www.jainuniversity.ac.in/ecart/views/microsites/UG/images/6.jpg]
[www.jainuniversity.ac.in/ecart/views/microsites/UG/images/7.jpg]
[www.jainuniversity.ac.in/ecart/views/microsites/UG/images/8.jpg]
[www.jainuniversity.ac.in/ecart/views/microsites/UG/images/9.jpg]
[www.jainuniversity.ac.in/ecart/views/microsites/UG/images/10.jpg]
[www.jainuniversity.ac.in/ecart/views/microsites/UG/images/11.jpg]
[www.jainuniversity.ac.in/ecart/views/microsites/UG/images/12.jpg]
[www.jainuniversity.ac.in/ecart/views/microsites/UG/images/13.jpg]
[www.jainuniversity.ac.in/ecart/views/microsites/UG/images/14.jpg]
[www.jainuniversity.ac.in/ecart/views/microsites/UG/images/15.jpg]
[www.jainuniversity.ac.in/ecart/views/microsites/UG/images/16.jpg]
[www.jainuniversity.ac.in/ecart/views/microsites/UG/images/17.jpg]
[www.jainuniversity.ac.in/ecart/views/microsites/UG/images/18.jpg]
[www.jainuniversity.ac.in/ecart/views/microsites/UG/images/19.jpg]
[www.jainuniversity.ac.in/ecart/views/microsites/UG/images/20.jpg]
[www.jainuniversity.ac.in/ecart/views/microsites/UG/images/21.jpg]
[www.jainuniversity.ac.in/ecart/views/microsites/UG/images/22.jpg]
[www.jainuniversity.ac.in/ecart/views/microsites/UG/images/23.jpg]
[www.jainuniversity.ac.in/ecart/views/microsites/UG/images/24.jpg]
[www.jainuniversity.ac.in/ecart/views/microsites/UG/images/25.jpg]
[www.jainuniversity.ac.in/ecart/views/microsites/UG/images/26.jpg]
[www.jainuniversity.ac.in/ecart/views/microsites/UG/images/27.jpg]
[www.jainuniversity.ac.in/ecart/views/microsites/UG/images/company/1.jpg]
[www.jainuniversity.ac.in/ecart/views/microsites/UG/images/company/2.jpg]
[www.jainuniversity.ac.in/ecart/views/microsites/UG/images/company/3.jpg]
[www.jainuniversity.ac.in/ecart/views/microsites/UG/images/company/4.jpg]
[www.jainuniversity.ac.in/ecart/views/microsites/UG/images/company/5.jpg]
[www.jainuniversity.ac.in/ecart/views/microsites/UG/images/company/6.jpg]
[www.jainuniversity.ac.in/ecart/views/microsites/UG/images/company/7.jpg]
[www.jainuniversity.ac.in/ecart/views/microsites/UG/images/company/8.jpg]
[www.jainuniversity.ac.in/ecart/views/microsites/UG/images/company/9.jpg]
[www.jainuniversity.ac.in/ecart/views/microsites/UG/images/company/10.jpg]
[www.jainuniversity.ac.in/ecart/views/microsites/UG/images/company/11.jpg]
[www.jainuniversity.ac.in/ecart/views/microsites/UG/images/company/12.jpg]
[www.jainuniversity.ac.in/ecart/views/microsites/UG/images/company/13.jpg]
[www.jainuniversity.ac.in/ecart/views/microsites/UG/images/company/14.jpg]
[www.jainuniversity.ac.in/ecart/views/microsites/UG/images/company/15.jpg]
[www.jainuniversity.ac.in/ecart/views/microsites/UG/images/company/16.jpg]
[www.jainuniversity.ac.in/ecart/views/microsites/UG/images/company/17.jpg]
[www.jainuniversity.ac.in/ecart/views/microsites/UG/images/company/18.jpg]
[www.jainuniversity.ac.in/ecart/views/microsites/UG/images/company/19.jpg]
[www.jainuniversity.ac.in/ecart/views/microsites/UG/images/company/20.jpg]
[www.jainuniversity.ac.in/ecart/views/microsites/UG/images/company/21.jpg]
[www.jainuniversity.ac.in/ecart/views/microsites/UG/images/company/22.jpg]
[www.jainuniversity.ac.in/ecart/views/microsites/UG/images/company/23.jpg]
[www.jainuniversity.ac.in/ecart/views/microsites/UG/images/company/24.jpg]
[www.jainuniversity.ac.in/ecart/views/microsites/UG/images/company/25.jpg]
[www.jainuniversity.ac.in/ecart/views/microsites/UG/images/company/26.jpg]
[www.jainuniversity.ac.in/ecart/views/microsites/UG/images/company/27.jpg]
[www.jainuniversity.ac.in/ecart/views/microsites/UG/images/company/28.jpg]
[www.jainuniversity.ac.in/ecart/views/microsites/UG/images/company/29.jpg]
[www.jainuniversity.ac.in/ecart/views/microsites/UG/images/company/30.jpg]
[www.jainuniversity.ac.in/ecart/views/microsites/UG/images/company/31.jpg]
[www.jainuniversity.ac.in/ecart/views/microsites/UG/images/company/32.jpg]
[www.jainuniversity.ac.in/ecart/views/microsites/UG/images/company/33.jpg]
[www.jainuniversity.ac.in/ecart/views/microsites/UG/images/company/34.jpg]
[www.jainuniversity.ac.in/ecart/views/microsites/UG/images/company/35.jpg]
[www.jainuniversity.ac.in/ecart/views/microsites/UG/images/company/36.jpg]
[www.jainuniversity.ac.in/ecart/views/microsites/UG/images/company/37.jpg]
[www.jainuniversity.ac.in/ecart/views/microsites/UG/images/company/38.jpg]
[www.jainuniversity.ac.in/ecart/views/microsites/UG/images/company/39.jpg]
[www.jainuniversity.ac.in/ecart/views/microsites/UG/images/company/40.jpg]
[www.jainuniversity.ac.in/ecart/views/microsites/UG/images/company/41.jpg]
[www.jainuniversity.ac.in/ecart/views/microsites/UG/images/company/42.jpg]
[www.jainuniversity.ac.in/ecart/views/microsites/UG/images/company/43.jpg]
[www.jainuniversity.ac.in/ecart/views/microsites/UG/images/company/44.jpg]
[jainuniversity.ac.in/cdn-cgi/scripts/5c5dd728/cloudflare-static/email-decode.min.js]
[www.jainuniversity.ac.in/ecart/views/microsites/UG/js/jquery.min.js]
[www.jainuniversity.ac.in/ecart/views/microsites/UG/js/bootstrap.min.js]
[jainuniversity.ac.in/UG/indexdc98.html]
[maxcdn.bootstrapcdn.com/font-awesome/4.7.0/css/font-awesome.min.css]
[www.jainuniversity.ac.in/ecart/views/microsites/UG/js/jquery.superslides.js]
[www.jainuniversity.ac.in/ecart/views/microsites/UG/images/Corporate-BCom.jpg]
[www.jainuniversity.ac.in/ecart/views/microsites/UG/images/bg.jpg]
[www.jainuniversity.ac.in/ecart/views/microsites/UG/css/JU-style2.css]
[www.jainuniversity.ac.in/ecart/views/microsites/UG/css/bootstrap.min.css]
[www.jainuniversity.ac.in/ecart/views/microsites/UG/images/preloader.gif]
[www.jainuniversity.ac.in/ecart/views/microsites/UG/css/main2.css]
[www.jainuniversity.ac.in/ecart/views/microsites/UG/css/default2.css]
[www.jainuniversity.ac.in/ecart/views/microsites/UG/images/Corporate-BCom.html]
[www.jainuniversity.ac.in/ecart/views/microsites/UG/images/bg.html]
[www.jainuniversity.ac.in/ecart/views/microsites/UG/images/preloader.html]
